Microchip MPLAB XC8 Compiler V3.00

Linker command line:

-W-3 --edf=/opt/microchip/xc8/v3.00/pic/dat/20241204225717_en.msgs -cn \
  -h+dist/default/debug/Washing_Machine.X.debug.sym \
  --cmf=dist/default/debug/Washing_Machine.X.debug.cmf -z -Q16F877A \
  -o/tmp/xcXJHHine/driver_tmp_3.o --defsym=__MPLAB_BUILD=1 \
  --fixupoverflow=error -Mdist/default/debug/Washing_Machine.X.debug.map \
  --md=/tmp/xcXJHHine/driver_tmp_0.dat -E1 -ver=XC8 Compiler \
  -ACODE=00h-07FFhx4 -ASTRCODE=00h-01FFFh -ASTRING=00h-0FFhx32 \
  -ACONST=00h-0FFhx32 -AENTRY=00h-0FFhx32 -ACOMMON=070h-07Fh \
  -ABANK0=020h-06Fh -ABANK1=0A0h-0EFh -ABANK2=0110h-016Fh \
  -ABANK3=0190h-01EFh -ARAM=020h-06Fh,0A0h-0EFh,0110h-016Fh,0190h-01EFh \
  -AABS1=020h-07Fh,0A0h-0EFh,0110h-016Fh,0190h-01EFh -ASFR0=00h-01Fh \
  -ASFR1=080h-09Fh -ASFR2=0100h-010Fh -ASFR3=0180h-018Fh \
  -ACONFIG=02007h-02007h -DCONFIG=2 -AIDLOC=02000h-02003h -DIDLOC=2 \
  -AEEDATA=00h-0FFh/02100h -peeprom_data=EEDATA -DEEDATA=2 -DCODE=2 \
  -DSTRCODE=2 -DSTRING=2 -DCONST=2 -DENTRY=2 \
  -preset_vec=00h,intentry=04h,sivt,init,end_init -ppowerup=CODE \
  -pcinit=CODE -pfunctab=ENTRY -k /tmp/xcXJHHine/driver_tmp_12.o \
  dist/default/debug/Washing_Machine.X.debug.o 

Object code version is 3.11

Machine type is 16F877A



                Name                               Link     Load   Length Selector   Space Scale
/tmp/xcXJHHine/driver_tmp_12.o
                end_init                              C        C        3        8       0
                reset_vec                             0        0        3        0       0
                config                             2007     2007        1        0       4
dist/default/debug/Washing_Machine.X.debug.o
                cinit                                 F        F        C        8       0
                intentry                              4        4        8        8       0
                config                             2007     2007        1        0       4
                text9                                E7       E7       21        8       0
                text8                               108      108       20        8       0
                text7                                C2       C2       25        8       0
                text6                                1B       1B       57        8       0
                text5                               169      169        B      286       0
                text4                               174      174        6      286       0
                text3                               143      143       14      286       0
                text2                               157      157       12      286       0
                text1                                72       72       2A        8       0
                maintext                             9C       9C       26        8       0
                cstackCOMMON                         70       70        8       70       1
                dataCOMMON                           7A       7A        1       70       1
                bssCOMMON                            78       78        2       70       1
                strings                             128      128       1B      250       0
                idataCOMMON                         17A      17A        1      286       0

TOTAL           Name                               Link     Load   Length     Space
        CLASS   CODE           
                end_init                              C        C        3         0
                cinit                                 F        F        C         0
                intentry                              4        4        8         0
                reset_vec                             0        0        3         0
                text9                                E7       E7       21         0
                text8                               108      108       20         0
                text7                                C2       C2       25         0
                text6                                1B       1B       57         0
                text5                               169      169        B         0
                text4                               174      174        6         0
                text3                               143      143       14         0
                text2                               157      157       12         0
                text1                                72       72       2A         0
                maintext                             9C       9C       26         0
                idataCOMMON                         17A      17A        1         0

        CLASS   STRCODE        

        CLASS   STRING         
                strings                             128      128       1B         0

        CLASS   CONST          

        CLASS   ENTRY          

        CLASS   COMMON         
                cstackCOMMON                         70       70        8         1
                dataCOMMON                           7A       7A        1         1
                bssCOMMON                            78       78        2         1

        CLASS   BANK0          

        CLASS   BANK1          

        CLASS   BANK2          

        CLASS   BANK3          

        CLASS   RAM            

        CLASS   ABS1           
                abs_s1                               7E       7E        2         1

        CLASS   SFR0           

        CLASS   SFR1           

        CLASS   SFR2           

        CLASS   SFR3           

        CLASS   CONFIG         
                config                             2007     2007        1         4

        CLASS   IDLOC          

        CLASS   EEDATA         

        CLASS   HEAP           

        CLASS   STACK          



SEGMENTS        Name                           Load    Length   Top    Selector   Space  Class     Delta

                strings                        000128  00001B  000143       250       0  STRING      2
                reset_vec                      000000  000003  000003         0       0  CODE        2
                text3                          000143  000038  00017B       286       0  CODE        2
                intentry                       000004  000124  000128         8       0  CODE        2
                cstackCOMMON                   000070  00000B  00007B        70       1  COMMON      1


UNUSED ADDRESS RANGES

        Name                Unused          Largest block    Delta
        BANK0            0020-006F             50           1
        BANK1            00A0-00EF             50           1
        BANK2            0110-016F             60           1
        BANK3            0190-01EF             60           1
        CODE             0003-0003              1           2
                         017B-1FFF            800
        COMMON           007B-007D              3           1
        CONST            0003-0003              1           2
                         017B-1FFF            100
        EEDATA           2100-21FF            100           2
        ENTRY            0003-0003              1           2
                         017B-1FFF            100
        IDLOC            2000-2003              4           2
        RAM              0020-006F             50           1
                         00A0-00EF             50
                         0110-016F             60
                         0190-01EF             60
        SFR0             0000-001F             20           1
        SFR1             0080-009F             20           1
        SFR2             0100-010F             10           1
        SFR3             0180-018F             10           1
        STRCODE          0003-0003              1           2
                         017B-1FFF           1E85
        STRING           0003-0003              1           2
                         017B-1FFF            100

                                  Symbol Table

_GIE                             (abs)        005F
_PEIE                            (abs)        005E
_PORTB                           (abs)        0006
_PORTD                           (abs)        0008
_PR2                             (abs)        0092
_RE1                             (abs)        0049
_RE2                             (abs)        004A
_T2CKPS0                         (abs)        0090
_T2CKPS1                         (abs)        0091
_TMR2IE                          (abs)        0461
_TMR2IF                          (abs)        0061
_TMR2ON                          (abs)        0092
_TOUTPS0                         (abs)        0093
_TOUTPS1                         (abs)        0094
_TOUTPS2                         (abs)        0095
_TOUTPS3                         (abs)        0096
_TRISB                           (abs)        0086
_TRISD                           (abs)        0088
_TRISE1                          (abs)        0449
_TRISE2                          (abs)        044A
__H__absolute__                  __absolute__ 0000
__Habs1                          abs1         0000
__Hbank0                         bank0        0000
__Hbank1                         bank1        0000
__Hbank2                         bank2        0000
__Hbank3                         bank3        0000
__HbssCOMMON                     bssCOMMON    0000
__Hcinit                         cinit        001B
__Hclrtext                       clrtext      0000
__Hcode                          code         0000
__Hcommon                        common       0000
__Hconfig                        config       2008
__HcstackCOMMON                  cstackCOMMON 0000
__HdataCOMMON                    dataCOMMON   0000
__Heeprom_data                   eeprom_data  0000
__Hend_init                      end_init     000F
__Hfunctab                       functab      0000
__Hheap                          heap         0000
__HidataCOMMON                   idataCOMMON  0000
__Hinit                          init         000C
__Hintentry                      intentry     000C
__Hmaintext                      maintext     0000
__Hpowerup                       powerup      0000
__Hram                           ram          0000
__Hreset_vec                     reset_vec    0003
__Hsfr0                          sfr0         0000
__Hsfr1                          sfr1         0000
__Hsfr2                          sfr2         0000
__Hsfr3                          sfr3         0000
__Hsivt                          sivt         000C
__Hspace_0                       (abs)        017B
__Hspace_1                       (abs)        007B
__Hspace_2                       (abs)        0000
__Hspace_3                       (abs)        0000
__Hspace_4                       (abs)        400F
__Hstack                         stack        0000
__Hstrings                       strings      0000
__Htext                          text         0000
__L__absolute__                  __absolute__ 0000
__Labs1                          abs1         0000
__Lbank0                         bank0        0000
__Lbank1                         bank1        0000
__Lbank2                         bank2        0000
__Lbank3                         bank3        0000
__LbssCOMMON                     bssCOMMON    0000
__Lcinit                         cinit        000F
__Lclrtext                       clrtext      0000
__Lcode                          code         0000
__Lcommon                        common       0000
__Lconfig                        config       0000
__LcstackCOMMON                  cstackCOMMON 0000
__LdataCOMMON                    dataCOMMON   0000
__Leeprom_data                   eeprom_data  0000
__Lend_init                      end_init     000C
__Lfunctab                       functab      0000
__Lheap                          heap         0000
__LidataCOMMON                   idataCOMMON  0000
__Linit                          init         000C
__Lintentry                      intentry     0004
__Lmaintext                      maintext     0000
__Lpowerup                       powerup      0000
__Lram                           ram          0000
__Lreset_vec                     reset_vec    0000
__Lsfr0                          sfr0         0000
__Lsfr1                          sfr1         0000
__Lsfr2                          sfr2         0000
__Lsfr3                          sfr3         0000
__Lsivt                          sivt         000C
__Lspace_0                       (abs)        0000
__Lspace_1                       (abs)        0000
__Lspace_2                       (abs)        0000
__Lspace_3                       (abs)        0000
__Lspace_4                       (abs)        0000
__Lstack                         stack        0000
__Lstrings                       strings      0000
__Ltext                          text         0000
__S0                             (abs)        017B
__S1                             (abs)        007B
__S3                             (abs)        0000
___heap_hi                       (abs)        0000
___heap_lo                       (abs)        0000
___int_sp                        stack        0000
___int_stack_hi                  stack        0000
___int_stack_lo                  stack        0000
___latbits                       (abs)        0002
___sp                            stack        0000
___stack_hi                      stack        0000
___stack_lo                      stack        0000
___stackhi                       (abs)        0000
___stacklo                       (abs)        0000
__end_of__initialization         cinit        0017
__end_of__stringtab              strings      012E
__end_of_clcd_print              text7        00E7
__end_of_clcd_write              text8        0128
__end_of_init_clcd               text5        0174
__end_of_init_config             text2        0169
__end_of_init_digital_keypad     text4        017A
__end_of_init_display_controller text6        0072
__end_of_init_timer2             text3        0157
__end_of_isr                     text9        0108
__end_of_main                    maintext     00C2
__end_of_read_digital_keypad     text1        009C
__initialization                 cinit        000F
__pbssCOMMON                     bssCOMMON    0078
__pcstackCOMMON                  cstackCOMMON 0070
__pdataCOMMON                    dataCOMMON   007A
__pidataCOMMON                   idataCOMMON  017A
__pintentry                      intentry     0004
__pmaintext                      maintext     009C
__pstrings                       strings      0128
__ptext1                         text1        0072
__ptext2                         text2        0157
__ptext3                         text3        0143
__ptext4                         text4        0174
__ptext5                         text5        0169
__ptext6                         text6        001B
__ptext7                         text7        00C2
__ptext8                         text8        0108
__ptext9                         text9        00E7
__stringbase                     strings      012D
__stringtab                      strings      0128
_clcd_print                      text7        00C2
_clcd_write                      text8        0108
_count                           bssCOMMON    0078
_init_clcd                       text5        0169
_init_config                     text2        0157
_init_digital_keypad             text4        0174
_init_display_controller         text6        001B
_init_timer2                     text3        0143
_isr                             text9        00E7
_main                            maintext     009C
_read_digital_keypad             text1        0072
btemp                            (abs)        007E
clcd_print@addr                  cstackCOMMON 0077
clcd_print@str                   cstackCOMMON 0076
clcd_write@byte                  cstackCOMMON 0075
clcd_write@mode                  cstackCOMMON 0072
end_of_initialization            cinit        0017
interrupt_function               intentry     0004
intlevel0                        functab      0000
intlevel1                        functab      0000
intlevel2                        functab      0000
intlevel3                        functab      0000
intlevel4                        functab      0000
intlevel5                        functab      0000
read_digital_keypad@mode         cstackCOMMON 0073
read_digital_keypad@once         dataCOMMON   007A
reset_vec                        reset_vec    0000
saved_w                          (abs)        007E
start                            init         000C
start_initialization             cinit        000F
wtemp0                           (abs)        007E


MODULE INFORMATION

Module		Function		Class		Link	Load	Size
timers.c
		_init_timer2   		CODE           	0143	0000	20

timers.c estimated size: 20

digital_keypad.c
		_init_digital_keypad		CODE           	0174	0000	6
		_read_digital_keypad		CODE           	0072	0000	42

digital_keypad.c estimated size: 48

isr.c
		_isr           		CODE           	00E7	0000	33

isr.c estimated size: 33

shared
		__stringtab    		STRING         	0128	0000	6
		__initialization		CODE           	000F	0000	8

shared estimated size: 14

clcd.c
		_clcd_write    		CODE           	0108	0000	32
		_clcd_print    		CODE           	00C2	0000	37
		_init_display_controller		CODE           	001B	0000	87
		_init_clcd     		CODE           	0169	0000	11

clcd.c estimated size: 167

main.c
		_main          		CODE           	009C	0000	38
		_init_config   		CODE           	0157	0000	18

main.c estimated size: 56

