Microchip MPLAB XC8 Compiler V3.00

Linker command line:

-W-3 --edf=/opt/microchip/xc8/v3.00/pic/dat/20241204225717_en.msgs -cn \
  -h+dist/default/production/Washing_Machine.X.production.sym \
  --cmf=dist/default/production/Washing_Machine.X.production.cmf -z \
  -Q16F877A -o/tmp/xcXkhPhiA/driver_tmp_3.o --defsym=__MPLAB_BUILD=1 \
  --fixupoverflow=error \
  -Mdist/default/production/Washing_Machine.X.production.map \
  --md=/tmp/xcXkhPhiA/driver_tmp_0.dat -E1 -ver=XC8 Compiler \
  -ACODE=00h-07FFhx4 -ASTRCODE=00h-01FFFh -ASTRING=00h-0FFhx32 \
  -ACONST=00h-0FFhx32 -AENTRY=00h-0FFhx32 -ACOMMON=070h-07Fh \
  -ABANK0=020h-06Fh -ABANK1=0A0h-0EFh -ABANK2=0110h-016Fh \
  -ABANK3=0190h-01EFh -ARAM=020h-06Fh,0A0h-0EFh,0110h-016Fh,0190h-01EFh \
  -AABS1=020h-07Fh,0A0h-0EFh,0110h-016Fh,0190h-01EFh -ASFR0=00h-01Fh \
  -ASFR1=080h-09Fh -ASFR2=0100h-010Fh -ASFR3=0180h-018Fh \
  -ACONFIG=02007h-02007h -DCONFIG=2 -AIDLOC=02000h-02003h -DIDLOC=2 \
  -AEEDATA=00h-0FFh/02100h -peeprom_data=EEDATA -DEEDATA=2 -DCODE=2 \
  -DSTRCODE=2 -DSTRING=2 -DCONST=2 -DENTRY=2 \
  -preset_vec=00h,intentry=04h,sivt,init,end_init -ppowerup=CODE \
  -pcinit=CODE -pfunctab=ENTRY -k /tmp/xcXkhPhiA/driver_tmp_12.o \
  dist/default/production/Washing_Machine.X.production.o 

Object code version is 3.11

Machine type is 16F877A



                Name                               Link     Load   Length Selector   Space Scale
/tmp/xcXkhPhiA/driver_tmp_12.o
                end_init                              C        C        3        8       0
                reset_vec                             0        0        3        0       0
                config                             2007     2007        1        0       4
dist/default/production/Washing_Machine.X.production.o
                cinit                                 F        F       3C        8       0
                intentry                              4        4        8        8       0
                config                             2007     2007        1        0       4
                text28                             1558     1558       4D     2AB0       0
                text27                             1451     1451       17     28A2       0
                text26                             14D3     14D3       29     29A6       0
                text25                             15F5     15F5       56     2BEA       0
                text24                              802      802        C     1004       0
                text23                             1409     1409        6     2812       0
                text22                             140F     140F        9     281E       0
                text21                              7E3      7E3       1A        8       0
                text20                             1525     1525       33     2A4A       0
                text19                             143C     143C       15     2878       0
                text18                              80E      80E       6F     101C       0
                text17                             15A5     15A5       50     2B4A       0
                text16                             1700     1700       65     2E00       0
                text15                             164B     164B       57     2C96       0
                text14                              87D      87D       A4     10FA       0
                text13                             14FC     14FC       29     29F8       0
                text12                              42B      42B      342        8       0
                text11                              DA8      DA8      258     1B50       0
                text10                             148A     148A       24     2914       0
                text9                               76D      76D       76        8       0
                text8                              14AE     14AE       25     295C       0
                text7                               921      921       B6     1242       0
                text6                              1418     1418       11     2830       0
                text5                              16A2     16A2       5E     2D44       0
                text4                                4B       4B      3E0        8       0
                text3                               C3A      C3A      16E     1874       0
                text2                               9D7      9D7      107     13AE       0
                text1                              1765     1765       9B     2ECA       0
                maintext                            ADE      ADE      15C     15BC       0
                cstackBANK0                          20       20       43       20       1
                cstackCOMMON                         70       70        9       70       1
                cstackBANK1                          CC       CC        7       A0       1
                inittext                           1429     1429       13     2852       0
                dataBANK1                            A0       A0       22       A0       1
                bssBANK1                             C2       C2        A       A0       1
                dataBANK0                            6A       6A        3       20       1
                bssBANK0                             63       63        7       20       1
                dataCOMMON                           7B       7B        1       70       1
                bssCOMMON                            79       79        2       70       1
                stringtext                         1000     1000      173       20       0
                strings                            1173     1173       12     22E6       0
                idataBANK1                         1468     1468       22     28D0       0
                idataBANK0                          7FD      7FD        3        8       0
                idataCOMMON                           3        3        1        0       0

TOTAL           Name                               Link     Load   Length     Space
        CLASS   CODE           
                end_init                              C        C        3         0
                cinit                                 F        F       3C         0
                intentry                              4        4        8         0
                reset_vec                             0        0        3         0
                text28                             1558     1558       4D         0
                text27                             1451     1451       17         0
                text26                             14D3     14D3       29         0
                text25                             15F5     15F5       56         0
                text24                              802      802        C         0
                text23                             1409     1409        6         0
                text22                             140F     140F        9         0
                text21                              7E3      7E3       1A         0
                text20                             1525     1525       33         0
                text19                             143C     143C       15         0
                text18                              80E      80E       6F         0
                text17                             15A5     15A5       50         0
                text16                             1700     1700       65         0
                text15                             164B     164B       57         0
                text14                              87D      87D       A4         0
                text13                             14FC     14FC       29         0
                text12                              42B      42B      342         0
                text11                              DA8      DA8      258         0
                text10                             148A     148A       24         0
                text9                               76D      76D       76         0
                text8                              14AE     14AE       25         0
                text7                               921      921       B6         0
                text6                              1418     1418       11         0
                text5                              16A2     16A2       5E         0
                text4                                4B       4B      3E0         0
                text3                               C3A      C3A      16E         0
                text2                               9D7      9D7      107         0
                text1                              1765     1765       9B         0
                maintext                            ADE      ADE      15C         0
                inittext                           1429     1429       13         0
                idataBANK1                         1468     1468       22         0
                idataBANK0                          7FD      7FD        3         0
                idataCOMMON                           3        3        1         0

        CLASS   STRCODE        
                stringtext                         1000     1000      173         0

        CLASS   STRING         
                strings                            1173     1173       12         0

        CLASS   CONST          

        CLASS   ENTRY          

        CLASS   COMMON         
                cstackCOMMON                         70       70        9         1
                dataCOMMON                           7B       7B        1         1
                bssCOMMON                            79       79        2         1

        CLASS   BANK0          
                cstackBANK0                          20       20       43         1
                dataBANK0                            6A       6A        3         1
                bssBANK0                             63       63        7         1

        CLASS   BANK1          
                cstackBANK1                          CC       CC        7         1
                dataBANK1                            A0       A0       22         1
                bssBANK1                             C2       C2        A         1

        CLASS   BANK2          

        CLASS   BANK3          

        CLASS   RAM            

        CLASS   ABS1           
                abs_s1                               7E       7E        2         1

        CLASS   SFR0           

        CLASS   SFR1           

        CLASS   SFR2           

        CLASS   SFR3           

        CLASS   CONFIG         
                config                             2007     2007        1         4

        CLASS   IDLOC          

        CLASS   EEDATA         

        CLASS   HEAP           

        CLASS   STACK          



SEGMENTS        Name                           Load    Length   Top    Selector   Space  Class     Delta

                text17                         0015A5  000050  0015F5      2B4A       0  CODE        2
                text25                         0015F5  000056  00164B      2BEA       0  CODE        2
                text15                         00164B  000057  0016A2      2C96       0  CODE        2
                text13                         0014FC  000029  001525      29F8       0  CODE        2
                text20                         001525  000033  001558      2A4A       0  CODE        2
                text28                         001558  00004D  0015A5      2AB0       0  CODE        2
                text1                          001765  00009B  001800      2ECA       0  CODE        2
                text14                         00087D  0000A4  000921      10FA       0  CODE        2
                text7                          000921  0000B6  0009D7      1242       0  CODE        2
                text5                          0016A2  00005E  001700      2D44       0  CODE        2
                text16                         001700  000065  001765      2E00       0  CODE        2
                text18                         00080E  00006F  00087D      101C       0  CODE        2
                text6                          001418  000011  001429      2830       0  CODE        2
                strings                        001173  000012  001185      22E6       0  STRING      2
                inittext                       001429  000013  00143C      2852       0  CODE        2
                text23                         001409  000006  00140F      2812       0  CODE        2
                text22                         00140F  000009  001418      281E       0  CODE        2
                text24                         000802  00000C  00080E      1004       0  CODE        2
                text10                         00148A  000024  0014AE      2914       0  CODE        2
                text8                          0014AE  000025  0014D3      295C       0  CODE        2
                text26                         0014D3  000029  0014FC      29A6       0  CODE        2
                text19                         00143C  000015  001451      2878       0  CODE        2
                text27                         001451  000017  001468      28A2       0  CODE        2
                idataBANK1                     001468  000022  00148A      28D0       0  CODE        2
                cstackBANK0                    000020  00004D  00006D        20       1  BANK0       1
                intentry                       000004  0007FC  000800         8       0  CODE        2
                reset_vec                      000000  000004  000004         0       0  CODE        2
                cstackCOMMON                   000070  00000C  00007C        70       1  COMMON      1
                text3                          000C3A  00016E  000DA8      1874       0  CODE        2
                maintext                       000ADE  00015C  000C3A      15BC       0  CODE        2
                stringtext                     001000  000173  001173        20       0  STRCODE     2
                text2                          0009D7  000107  000ADE      13AE       0  CODE        2
                dataBANK1                      0000A0  000033  0000D3        A0       1  BANK1       1
                text11                         000DA8  000258  001000      1B50       0  CODE        2


UNUSED ADDRESS RANGES

        Name                Unused          Largest block    Delta
        BANK0            006D-006F              3           1
        BANK1            00D3-00EF             1D           1
        BANK2            0110-016F             60           1
        BANK3            0190-01EF             60           1
        CODE             0800-0801              2           2
                         1185-1408            284
                         1800-1FFF            800
        COMMON           007C-007D              2           1
        CONST            0800-0801              2           2
                         1185-1408            100
                         1800-1FFF            100
        EEDATA           2100-21FF            100           2
        ENTRY            0800-0801              2           2
                         1185-1408            100
                         1800-1FFF            100
        IDLOC            2000-2003              4           2
        RAM              006D-006F              3           1
                         00D3-00EF             1D
                         0110-016F             60
                         0190-01EF             60
        SFR0             0000-001F             20           1
        SFR1             0080-009F             20           1
        SFR2             0100-010F             10           1
        SFR3             0180-018F             10           1
        STRCODE          0800-0801              2           2
                         1185-1408            284
                         1800-1FFF            800
        STRING           0800-0801              2           2
                         1185-1408            100
                         1800-1FFF            100

                                  Symbol Table

?__Umul8_16                      cstackCOMMON 0072
?___awdiv                        cstackCOMMON 0072
?___awmod                        cstackCOMMON 0072
?___fladd                        cstackBANK0  0020
?___flmul                        cstackBANK0  002A
?___flsub                        cstackBANK0  0044
?___fltol                        cstackBANK0  0044
?___wmul                         cstackCOMMON 0072
?___xxtofl                       cstackCOMMON 0072
_GIE                             (abs)        005F
_PEIE                            (abs)        005E
_PORTB                           (abs)        0006
_PORTD                           (abs)        0008
_PR2                             (abs)        0092
_RB0                             (abs)        0030
_RC1                             (abs)        0039
_RC2                             (abs)        003A
_RE1                             (abs)        0049
_RE2                             (abs)        004A
_TMR2IE                          (abs)        0461
_TMR2IF                          (abs)        0061
_TMR2ON                          (abs)        0092
_TRISB                           (abs)        0086
_TRISC1                          (abs)        0439
_TRISC2                          (abs)        043A
_TRISD                           (abs)        0088
_TRISE1                          (abs)        0449
_TRISE2                          (abs)        044A
__H__absolute__                  __absolute__ 0000
__Habs1                          abs1         0000
__Hbank0                         bank0        0000
__Hbank1                         bank1        0000
__Hbank2                         bank2        0000
__Hbank3                         bank3        0000
__HbssBANK0                      bssBANK0     0000
__HbssBANK1                      bssBANK1     0000
__HbssCOMMON                     bssCOMMON    0000
__Hcinit                         cinit        004B
__Hclrtext                       clrtext      0000
__Hcode                          code         0000
__Hcommon                        common       0000
__Hconfig                        config       2008
__HcstackBANK0                   cstackBANK0  0000
__HcstackBANK1                   cstackBANK1  0000
__HcstackCOMMON                  cstackCOMMON 0000
__HdataBANK0                     dataBANK0    0000
__HdataBANK1                     dataBANK1    0000
__HdataCOMMON                    dataCOMMON   0000
__Heeprom_data                   eeprom_data  0000
__Hend_init                      end_init     000F
__Hfunctab                       functab      0000
__Hheap                          heap         0000
__HidataBANK0                    idataBANK0   0000
__HidataBANK1                    idataBANK1   0000
__HidataCOMMON                   idataCOMMON  0000
__Hinit                          init         000C
__Hinittext                      inittext     0000
__Hintentry                      intentry     000C
__Hmaintext                      maintext     0000
__Hpowerup                       powerup      0000
__Hram                           ram          0000
__Hreset_vec                     reset_vec    0003
__Hsfr0                          sfr0         0000
__Hsfr1                          sfr1         0000
__Hsfr2                          sfr2         0000
__Hsfr3                          sfr3         0000
__Hsivt                          sivt         000C
__Hspace_0                       (abs)        1800
__Hspace_1                       (abs)        00D3
__Hspace_2                       (abs)        0000
__Hspace_3                       (abs)        0000
__Hspace_4                       (abs)        400F
__Hstack                         stack        0000
__Hstrings                       strings      0000
__Hstringtext                    stringtext   0000
__Htext                          text         0000
__L__absolute__                  __absolute__ 0000
__Labs1                          abs1         0000
__Lbank0                         bank0        0000
__Lbank1                         bank1        0000
__Lbank2                         bank2        0000
__Lbank3                         bank3        0000
__LbssBANK0                      bssBANK0     0000
__LbssBANK1                      bssBANK1     0000
__LbssCOMMON                     bssCOMMON    0000
__Lcinit                         cinit        000F
__Lclrtext                       clrtext      0000
__Lcode                          code         0000
__Lcommon                        common       0000
__Lconfig                        config       0000
__LcstackBANK0                   cstackBANK0  0000
__LcstackBANK1                   cstackBANK1  0000
__LcstackCOMMON                  cstackCOMMON 0000
__LdataBANK0                     dataBANK0    0000
__LdataBANK1                     dataBANK1    0000
__LdataCOMMON                    dataCOMMON   0000
__Leeprom_data                   eeprom_data  0000
__Lend_init                      end_init     000C
__Lfunctab                       functab      0000
__Lheap                          heap         0000
__LidataBANK0                    idataBANK0   0000
__LidataBANK1                    idataBANK1   0000
__LidataCOMMON                   idataCOMMON  0000
__Linit                          init         000C
__Linittext                      inittext     0000
__Lintentry                      intentry     0004
__Lmaintext                      maintext     0000
__Lpowerup                       powerup      0000
__Lram                           ram          0000
__Lreset_vec                     reset_vec    0000
__Lsfr0                          sfr0         0000
__Lsfr1                          sfr1         0000
__Lsfr2                          sfr2         0000
__Lsfr3                          sfr3         0000
__Lsivt                          sivt         000C
__Lspace_0                       (abs)        0000
__Lspace_1                       (abs)        0000
__Lspace_2                       (abs)        0000
__Lspace_3                       (abs)        0000
__Lspace_4                       (abs)        0000
__Lstack                         stack        0000
__Lstrings                       strings      0000
__Lstringtext                    stringtext   0000
__Ltext                          text         0000
__S0                             (abs)        1800
__S1                             (abs)        00D3
__S3                             (abs)        0000
__Umul8_16                       text13       14FC
__Umul8_16@multiplicand          cstackCOMMON 0072
__Umul8_16@multiplier            cstackBANK0  0024
__Umul8_16@product               cstackBANK0  0020
__Umul8_16@word_mpld             cstackBANK0  0022
___awdiv                         text16       1700
___awdiv@counter                 cstackBANK0  0020
___awdiv@dividend                cstackCOMMON 0074
___awdiv@divisor                 cstackCOMMON 0072
___awdiv@quotient                cstackBANK0  0022
___awdiv@sign                    cstackBANK0  0021
___awmod                         text15       164B
___awmod@counter                 cstackCOMMON 0076
___awmod@dividend                cstackCOMMON 0074
___awmod@divisor                 cstackCOMMON 0072
___awmod@sign                    cstackCOMMON 0077
___fladd                         text11       0DA8
___fladd@a                       cstackBANK0  0024
___fladd@aexp                    cstackCOMMON 0073
___fladd@b                       cstackBANK0  0020
___fladd@bexp                    cstackCOMMON 0074
___fladd@grs                     cstackCOMMON 0075
___fladd@signs                   cstackCOMMON 0072
___flge                          text14       087D
___flge@ff1                      cstackBANK0  004C
___flge@ff2                      cstackBANK0  0050
___flmul                         text12       042B
___flmul@a                       cstackBANK0  002E
___flmul@aexp                    cstackBANK0  0038
___flmul@b                       cstackBANK0  002A
___flmul@bexp                    cstackBANK0  003D
___flmul@grs                     cstackBANK0  0039
___flmul@prod                    cstackBANK0  003E
___flmul@sign                    cstackBANK0  0037
___flmul@temp                    cstackBANK0  0042
___flsub                         text10       148A
___flsub@a                       cstackBANK0  0044
___flsub@b                       cstackBANK0  0048
___fltol                         text9        076D
___fltol@exp1                    cstackCOMMON 0077
___fltol@f1                      cstackBANK0  0044
___fltol@sign1                   cstackCOMMON 0076
___heap_hi                       (abs)        0000
___heap_lo                       (abs)        0000
___int_sp                        stack        0000
___int_stack_hi                  stack        0000
___int_stack_lo                  stack        0000
___latbits                       (abs)        0002
___sp                            stack        0000
___stack_hi                      stack        0000
___stack_lo                      stack        0000
___stackhi                       (abs)        0000
___stacklo                       (abs)        0000
___wmul                          text8        14AE
___wmul@multiplicand             cstackCOMMON 0074
___wmul@multiplier               cstackCOMMON 0072
___wmul@product                  cstackCOMMON 0076
___xxtofl                        text7        0921
___xxtofl@arg                    cstackBANK0  0026
___xxtofl@exp                    cstackBANK0  0025
___xxtofl@sign                   cstackBANK0  0024
___xxtofl@val                    cstackCOMMON 0072
__end_of__Umul8_16               text13       1525
__end_of___awdiv                 text16       1765
__end_of___awmod                 text15       16A2
__end_of___fladd                 text11       1000
__end_of___flge                  text14       0921
__end_of___flmul                 text12       076D
__end_of___flsub                 text10       14AE
__end_of___fltol                 text9        07E3
__end_of___wmul                  text8        14D3
__end_of___xxtofl                text7        09D7
__end_of__initialization         cinit        0047
__end_of__stringtab              strings      1185
__end_of_clcd_print              text20       1558
__end_of_clcd_putch              text19       1451
__end_of_clcd_write              text26       14FC
__end_of_clear_screen            text6        1429
__end_of_door_status_check       text5        1700
__end_of_init_clcd               text24       080E
__end_of_init_config             text21       07FD
__end_of_init_digital_keypad     text23       140F
__end_of_init_display_controller text25       164B
__end_of_init_timer2             text22       1418
__end_of_isr                     text28       15A5
__end_of_main                    maintext     0C3A
__end_of_power_on_screen         text18       087D
__end_of_read_digital_keypad     text17       15F5
__end_of_run_program             text4        042B
__end_of_send_nibble             text27       1468
__end_of_set_time                text3        0DA8
__end_of_washing_program_display text2        0ADE
__end_of_water_level_screen      text1        1800
__initialization                 cinit        000F
__pbssBANK0                      bssBANK0     0063
__pbssBANK1                      bssBANK1     00C2
__pbssCOMMON                     bssCOMMON    0079
__pcstackBANK0                   cstackBANK0  0020
__pcstackBANK1                   cstackBANK1  00CC
__pcstackCOMMON                  cstackCOMMON 0070
__pdataBANK0                     dataBANK0    006A
__pdataBANK1                     dataBANK1    00A0
__pdataCOMMON                    dataCOMMON   007B
__pidataBANK0                    idataBANK0   07FD
__pidataBANK1                    idataBANK1   1468
__pidataCOMMON                   idataCOMMON  0003
__pintentry                      intentry     0004
__pmaintext                      maintext     0ADE
__pstrings                       strings      1173
__pstringtext                    stringtext   1000
__ptext1                         text1        1765
__ptext10                        text10       148A
__ptext11                        text11       0DA8
__ptext12                        text12       042B
__ptext13                        text13       14FC
__ptext14                        text14       087D
__ptext15                        text15       164B
__ptext16                        text16       1700
__ptext17                        text17       15A5
__ptext18                        text18       080E
__ptext19                        text19       143C
__ptext2                         text2        09D7
__ptext20                        text20       1525
__ptext21                        text21       07E3
__ptext22                        text22       140F
__ptext23                        text23       1409
__ptext24                        text24       0802
__ptext25                        text25       15F5
__ptext26                        text26       14D3
__ptext27                        text27       1451
__ptext28                        text28       1558
__ptext3                         text3        0C3A
__ptext4                         text4        004B
__ptext5                         text5        16A2
__ptext6                         text6        1418
__ptext7                         text7        0921
__ptext8                         text8        14AE
__ptext9                         text9        076D
__stringbase                     strings      1185
__stringtab                      strings      1173
_clcd_print                      text20       1525
_clcd_putch                      text19       143C
_clcd_write                      text26       14D3
_clear_screen                    text6        1418
_door_status_check               text5        16A2
_init_clcd                       text24       0802
_init_config                     text21       07E3
_init_digital_keypad             text23       1409
_init_display_controller         text25       15F5
_init_timer2                     text22       140F
_isr                             text28       1558
_level                           bssCOMMON    0079
_main                            maintext     0ADE
_min                             bssBANK0     0067
_operational_mode                dataBANK0    006C
_power_on_screen                 text18       080E
_program_no                      bssCOMMON    007A
_read_digital_keypad             text17       15A5
_reset_flag                      dataBANK0    006B
_rinse_time                      bssBANK1     00C8
_run_program                     text4        004B
_sec                             bssBANK0     0068
_send_nibble                     text27       1451
_set_time                        text3        0C3A
_spin_time                       bssBANK1     00C6
_time                            bssBANK0     0063
_total_time                      bssBANK0     0065
_wash_time                       bssBANK1     00CA
_washing_program                 dataBANK1    00A0
_washing_program_display         text2        09D7
_water_level                     dataBANK1    00B8
_water_level_screen              text1        1765
btemp                            (abs)        007E
clcd_print@addr                  cstackBANK0  0022
clcd_print@str                   cstackBANK0  0020
clcd_putch@addr                  cstackCOMMON 0078
clcd_putch@data                  cstackBANK0  0024
clcd_write@byte                  cstackCOMMON 0076
clcd_write@mode                  cstackCOMMON 0074
end_of_initialization            cinit        0047
init_fetch0                      inittext     1429
init_ram0                        inittext     142D
interrupt_function               intentry     0004
intlevel0                        functab      0000
intlevel1                        functab      0000
intlevel2                        functab      0000
intlevel3                        functab      0000
intlevel4                        functab      0000
intlevel5                        functab      0000
isr@count                        bssBANK1     00C2
main@delay                       cstackBANK1  00CC
main@delay_93                    cstackBANK1  00D0
main@key                         cstackBANK1  00D2
power_on_screen@i                cstackBANK0  0028
power_on_screen@i_196            cstackBANK0  0029
read_digital_keypad@key          cstackCOMMON 0072
read_digital_keypad@longpressed  dataBANK0    006A
read_digital_keypad@once         dataCOMMON   007B
read_digital_keypad@pre_key      bssBANK0     0069
reset_vec                        reset_vec    0000
run_program@key                  cstackBANK0  005E
saved_w                          (abs)        007E
send_nibble@nibble               cstackCOMMON 0073
start                            init         000C
start_initialization             cinit        000F
washing_program_display@key      cstackBANK0  0027
water_level_screen@key           cstackBANK0  0027
wtemp0                           (abs)        007E


MODULE INFORMATION

Module		Function		Class		Link	Load	Size
/opt/microchip/xc8/v3.00/pic/sources/c99/common/awdiv.c
		___awdiv       		CODE           	1700	0000	101

/opt/microchip/xc8/v3.00/pic/sources/c99/common/awdiv.c estimated size: 101

timers.c
		_init_timer2   		CODE           	140F	0000	9

timers.c estimated size: 9

/opt/microchip/xc8/v3.00/pic/sources/c99/common/fltol.c
		___fltol       		CODE           	076D	0000	118

/opt/microchip/xc8/v3.00/pic/sources/c99/common/fltol.c estimated size: 118

digital_keypad.c
		_init_digital_keypad		CODE           	1409	0000	6
		_read_digital_keypad		CODE           	15A5	0000	80

digital_keypad.c estimated size: 86

/opt/microchip/xc8/v3.00/pic/sources/c99/common/xxtofl.c
		___xxtofl      		CODE           	0921	0000	182

/opt/microchip/xc8/v3.00/pic/sources/c99/common/xxtofl.c estimated size: 182

/opt/microchip/xc8/v3.00/pic/sources/c99/common/Umul8_16.c
		__Umul8_16     		CODE           	14FC	0000	41

/opt/microchip/xc8/v3.00/pic/sources/c99/common/Umul8_16.c estimated size: 41

washing_machine_function_def.c
		_door_status_check		CODE           	16A2	0000	94
		_washing_program_display		CODE           	09D7	0000	263
		_water_level_screen		CODE           	1765	0000	155
		_run_program   		CODE           	004B	0000	992
		_clear_screen  		CODE           	1418	0000	17
		_power_on_screen		CODE           	080E	0000	111
		_set_time      		CODE           	0C3A	0000	366

washing_machine_function_def.c estimated size: 1998

/opt/microchip/xc8/v3.00/pic/sources/c99/common/Umul16.c
		___wmul        		CODE           	14AE	0000	37

/opt/microchip/xc8/v3.00/pic/sources/c99/common/Umul16.c estimated size: 37

/opt/microchip/xc8/v3.00/pic/sources/c99/common/sprcmul.c
		___flmul       		CODE           	042B	0000	834

/opt/microchip/xc8/v3.00/pic/sources/c99/common/sprcmul.c estimated size: 834

isr.c
		_isr           		CODE           	1558	0000	77

isr.c estimated size: 77

shared
		__stringtab    		STRING         	1173	0000	18
		__initialization		CODE           	000F	0000	56

shared estimated size: 74

clcd.c
		_clcd_write    		CODE           	14D3	0000	41
		_send_nibble   		CODE           	1451	0000	23
		_clcd_print    		CODE           	1525	0000	51
		_clcd_putch    		CODE           	143C	0000	21
		_init_display_controller		CODE           	15F5	0000	86
		_init_clcd     		CODE           	0802	0000	12

clcd.c estimated size: 234

/opt/microchip/xc8/v3.00/pic/sources/c99/common/awmod.c
		___awmod       		CODE           	164B	0000	87

/opt/microchip/xc8/v3.00/pic/sources/c99/common/awmod.c estimated size: 87

/opt/microchip/xc8/v3.00/pic/sources/c99/common/flge.c
		___flge        		CODE           	087D	0000	164

/opt/microchip/xc8/v3.00/pic/sources/c99/common/flge.c estimated size: 164

main.c
		_main          		CODE           	0ADE	0000	348
		_init_config   		CODE           	07E3	0000	26

main.c estimated size: 374

/opt/microchip/xc8/v3.00/pic/sources/c99/common/sprcadd.c
		___flsub       		CODE           	148A	0000	36
		___fladd       		CODE           	0DA8	0000	600

/opt/microchip/xc8/v3.00/pic/sources/c99/common/sprcadd.c estimated size: 636

